// Jest Snapshot v1, https://goo.gl/fbAQLP

exports[`Test header component header renders correctly 1`] = `
Array [
  <ul
    className="header"
  >
    <li>
      <a
        aria-current="page"
        className="active"
        href="/"
        onClick={[Function]}
        style={
          Object {
            "color": "orange",
            "margin": "1rem",
            "textDecoration": "none",
          }
        }
      >
        Home
      </a>
    </li>
    <li>
      <a
        className=""
        href="/calculator"
        onClick={[Function]}
        style={
          Object {
            "color": "orange",
            "margin": "1rem",
            "textDecoration": "none",
          }
        }
      >
        Calculator
      </a>
    </li>
    <li>
      <a
        className=""
        href="/quote"
        onClick={[Function]}
        style={
          Object {
            "color": "orange",
            "margin": "1rem",
            "textDecoration": "none",
          }
        }
      >
        Quote
      </a>
    </li>
  </ul>,
  <h2
    className="title"
  >
    Math Magicians
  </h2>,
]
`;
